<?xml version="1.0"?>
<link_info>
   <banner>MSP430 Linker PC v4.2.1</banner>
   <copyright>Copyright (c) 2003-2013 Texas Instruments Incorporated</copyright>
   <link_time>0x53432040</link_time>
   <link_errors>0x0</link_errors>
   <output_file>cc430x513x_adc12_06.out</output_file>
   <entry_point>
      <name>_c_int00</name>
      <address>0x8800</address>
   </entry_point>
   <input_file_list>
      <input_file id="fl-2">
         <path>.\</path>
         <kind>object</kind>
         <file>cc430x513x_adc12_06.obj</file>
         <name>cc430x513x_adc12_06.obj</name>
      </input_file>
      <input_file id="fl-22">
         <path>C:\ti\ccsv5\tools\compiler\msp430_4.2.1\lib\</path>
         <kind>archive</kind>
         <file>rts430x_lc_sd_eabi.lib</file>
         <name>boot.obj</name>
      </input_file>
      <input_file id="fl-23">
         <path>C:\ti\ccsv5\tools\compiler\msp430_4.2.1\lib\</path>
         <kind>archive</kind>
         <file>rts430x_lc_sd_eabi.lib</file>
         <name>copy_decompress_none.obj</name>
      </input_file>
      <input_file id="fl-24">
         <path>C:\ti\ccsv5\tools\compiler\msp430_4.2.1\lib\</path>
         <kind>archive</kind>
         <file>rts430x_lc_sd_eabi.lib</file>
         <name>copy_decompress_rle.obj</name>
      </input_file>
      <input_file id="fl-25">
         <path>C:\ti\ccsv5\tools\compiler\msp430_4.2.1\lib\</path>
         <kind>archive</kind>
         <file>rts430x_lc_sd_eabi.lib</file>
         <name>copy_zero_init.obj</name>
      </input_file>
      <input_file id="fl-26">
         <path>C:\ti\ccsv5\tools\compiler\msp430_4.2.1\lib\</path>
         <kind>archive</kind>
         <file>rts430x_lc_sd_eabi.lib</file>
         <name>cpy_util.obj</name>
      </input_file>
      <input_file id="fl-27">
         <path>C:\ti\ccsv5\tools\compiler\msp430_4.2.1\lib\</path>
         <kind>archive</kind>
         <file>rts430x_lc_sd_eabi.lib</file>
         <name>exit.obj</name>
      </input_file>
      <input_file id="fl-28">
         <path>C:\ti\ccsv5\tools\compiler\msp430_4.2.1\lib\</path>
         <kind>archive</kind>
         <file>rts430x_lc_sd_eabi.lib</file>
         <name>int45.obj</name>
      </input_file>
      <input_file id="fl-29">
         <path>C:\ti\ccsv5\tools\compiler\msp430_4.2.1\lib\</path>
         <kind>archive</kind>
         <file>rts430x_lc_sd_eabi.lib</file>
         <name>int46.obj</name>
      </input_file>
      <input_file id="fl-2a">
         <path>C:\ti\ccsv5\tools\compiler\msp430_4.2.1\lib\</path>
         <kind>archive</kind>
         <file>rts430x_lc_sd_eabi.lib</file>
         <name>int48.obj</name>
      </input_file>
      <input_file id="fl-2b">
         <path>C:\ti\ccsv5\tools\compiler\msp430_4.2.1\lib\</path>
         <kind>archive</kind>
         <file>rts430x_lc_sd_eabi.lib</file>
         <name>int49.obj</name>
      </input_file>
      <input_file id="fl-2c">
         <path>C:\ti\ccsv5\tools\compiler\msp430_4.2.1\lib\</path>
         <kind>archive</kind>
         <file>rts430x_lc_sd_eabi.lib</file>
         <name>int50.obj</name>
      </input_file>
      <input_file id="fl-2d">
         <path>C:\ti\ccsv5\tools\compiler\msp430_4.2.1\lib\</path>
         <kind>archive</kind>
         <file>rts430x_lc_sd_eabi.lib</file>
         <name>int51.obj</name>
      </input_file>
      <input_file id="fl-2e">
         <path>C:\ti\ccsv5\tools\compiler\msp430_4.2.1\lib\</path>
         <kind>archive</kind>
         <file>rts430x_lc_sd_eabi.lib</file>
         <name>int52.obj</name>
      </input_file>
      <input_file id="fl-2f">
         <path>C:\ti\ccsv5\tools\compiler\msp430_4.2.1\lib\</path>
         <kind>archive</kind>
         <file>rts430x_lc_sd_eabi.lib</file>
         <name>int53.obj</name>
      </input_file>
      <input_file id="fl-30">
         <path>C:\ti\ccsv5\tools\compiler\msp430_4.2.1\lib\</path>
         <kind>archive</kind>
         <file>rts430x_lc_sd_eabi.lib</file>
         <name>int54.obj</name>
      </input_file>
      <input_file id="fl-31">
         <path>C:\ti\ccsv5\tools\compiler\msp430_4.2.1\lib\</path>
         <kind>archive</kind>
         <file>rts430x_lc_sd_eabi.lib</file>
         <name>int55.obj</name>
      </input_file>
      <input_file id="fl-32">
         <path>C:\ti\ccsv5\tools\compiler\msp430_4.2.1\lib\</path>
         <kind>archive</kind>
         <file>rts430x_lc_sd_eabi.lib</file>
         <name>int57.obj</name>
      </input_file>
      <input_file id="fl-33">
         <path>C:\ti\ccsv5\tools\compiler\msp430_4.2.1\lib\</path>
         <kind>archive</kind>
         <file>rts430x_lc_sd_eabi.lib</file>
         <name>int59.obj</name>
      </input_file>
      <input_file id="fl-34">
         <path>C:\ti\ccsv5\tools\compiler\msp430_4.2.1\lib\</path>
         <kind>archive</kind>
         <file>rts430x_lc_sd_eabi.lib</file>
         <name>int60.obj</name>
      </input_file>
      <input_file id="fl-35">
         <path>C:\ti\ccsv5\tools\compiler\msp430_4.2.1\lib\</path>
         <kind>archive</kind>
         <file>rts430x_lc_sd_eabi.lib</file>
         <name>int61.obj</name>
      </input_file>
      <input_file id="fl-36">
         <path>C:\ti\ccsv5\tools\compiler\msp430_4.2.1\lib\</path>
         <kind>archive</kind>
         <file>rts430x_lc_sd_eabi.lib</file>
         <name>int62.obj</name>
      </input_file>
      <input_file id="fl-37">
         <path>C:\ti\ccsv5\tools\compiler\msp430_4.2.1\lib\</path>
         <kind>archive</kind>
         <file>rts430x_lc_sd_eabi.lib</file>
         <name>isr_trap.obj</name>
      </input_file>
      <input_file id="fl-38">
         <path>C:\ti\ccsv5\tools\compiler\msp430_4.2.1\lib\</path>
         <kind>archive</kind>
         <file>rts430x_lc_sd_eabi.lib</file>
         <name>pre_init.obj</name>
      </input_file>
      <input_file id="fl-39">
         <path>C:\ti\ccsv5\tools\compiler\msp430_4.2.1\lib\</path>
         <kind>archive</kind>
         <file>rts430x_lc_sd_eabi.lib</file>
         <name>sprintf.obj</name>
      </input_file>
      <input_file id="fl-3a">
         <path>C:\ti\ccsv5\tools\compiler\msp430_4.2.1\lib\</path>
         <kind>archive</kind>
         <file>rts430x_lc_sd_eabi.lib</file>
         <name>_lock.obj</name>
      </input_file>
      <input_file id="fl-3b">
         <path>C:\ti\ccsv5\tools\compiler\msp430_4.2.1\lib\</path>
         <kind>archive</kind>
         <file>rts430x_lc_sd_eabi.lib</file>
         <name>_printfi_min.obj</name>
      </input_file>
      <input_file id="fl-3c">
         <path>C:\ti\ccsv5\tools\compiler\msp430_4.2.1\lib\</path>
         <kind>archive</kind>
         <file>rts430x_lc_sd_eabi.lib</file>
         <name>args_main.obj</name>
      </input_file>
      <input_file id="fl-3d">
         <path>C:\ti\ccsv5\tools\compiler\msp430_4.2.1\lib\</path>
         <kind>archive</kind>
         <file>rts430x_lc_sd_eabi.lib</file>
         <name>autoinit.obj</name>
      </input_file>
      <input_file id="fl-3e">
         <path>C:\ti\ccsv5\tools\compiler\msp430_4.2.1\lib\</path>
         <kind>archive</kind>
         <file>rts430x_lc_sd_eabi.lib</file>
         <name>div16u.obj</name>
      </input_file>
      <input_file id="fl-3f">
         <path>C:\ti\ccsv5\tools\compiler\msp430_4.2.1\lib\</path>
         <kind>archive</kind>
         <file>rts430x_lc_sd_eabi.lib</file>
         <name>memccpy.obj</name>
      </input_file>
      <input_file id="fl-40">
         <path>C:\ti\ccsv5\tools\compiler\msp430_4.2.1\lib\</path>
         <kind>archive</kind>
         <file>rts430x_lc_sd_eabi.lib</file>
         <name>memcpy.obj</name>
      </input_file>
      <input_file id="fl-41">
         <path>C:\ti\ccsv5\tools\compiler\msp430_4.2.1\lib\</path>
         <kind>archive</kind>
         <file>rts430x_lc_sd_eabi.lib</file>
         <name>memset.obj</name>
      </input_file>
      <input_file id="fl-42">
         <path>C:\ti\ccsv5\tools\compiler\msp430_4.2.1\lib\</path>
         <kind>archive</kind>
         <file>rts430x_lc_sd_eabi.lib</file>
         <name>mult16_f5hw.obj</name>
      </input_file>
      <input_file id="fl-43">
         <path>C:\ti\ccsv5\tools\compiler\msp430_4.2.1\lib\</path>
         <kind>archive</kind>
         <file>rts430x_lc_sd_eabi.lib</file>
         <name>strlen.obj</name>
      </input_file>
   </input_file_list>
   <object_component_list>
      <object_component id="oc-88">
         <name>.stack</name>
         <uninitialized>true</uninitialized>
         <run_address>0x2bac</run_address>
         <size>0x2</size>
         <input_file_ref idref="fl-22"/>
      </object_component>
      <object_component id="oc-233">
         <name>.stack</name>
         <uninitialized>true</uninitialized>
         <run_address>0x2bac</run_address>
         <size>0x0</size>
      </object_component>
      <object_component id="oc-99">
         <name>.text:main</name>
         <load_address>0x8000</load_address>
         <run_address>0x8000</run_address>
         <size>0x22e</size>
         <input_file_ref idref="fl-2"/>
      </object_component>
      <object_component id="oc-162">
         <name>.text:_setfield</name>
         <load_address>0x822e</load_address>
         <run_address>0x822e</run_address>
         <size>0x10e</size>
         <input_file_ref idref="fl-3b"/>
      </object_component>
      <object_component id="oc-c0">
         <name>.text:__TI_decompress_rle_core</name>
         <load_address>0x833c</load_address>
         <run_address>0x833c</run_address>
         <size>0xd8</size>
         <input_file_ref idref="fl-24"/>
      </object_component>
      <object_component id="oc-14e">
         <name>.text:__TI_printfi_minimal</name>
         <load_address>0x8414</load_address>
         <run_address>0x8414</run_address>
         <size>0xc0</size>
         <input_file_ref idref="fl-3b"/>
      </object_component>
      <object_component id="oc-94">
         <name>.text:_auto_init</name>
         <load_address>0x84d4</load_address>
         <run_address>0x84d4</run_address>
         <size>0x70</size>
         <input_file_ref idref="fl-3d"/>
      </object_component>
      <object_component id="oc-a4">
         <name>.text:_isr:ADC12ISR</name>
         <load_address>0x8544</load_address>
         <run_address>0x8544</run_address>
         <size>0x68</size>
         <input_file_ref idref="fl-2"/>
      </object_component>
      <object_component id="oc-1ac">
         <name>.text:_ltostr</name>
         <load_address>0x85ac</load_address>
         <run_address>0x85ac</run_address>
         <size>0x52</size>
         <input_file_ref idref="fl-3b"/>
      </object_component>
      <object_component id="oc-18e">
         <name>.text:_pproc_diouxp</name>
         <load_address>0x85fe</load_address>
         <run_address>0x85fe</run_address>
         <size>0x4c</size>
         <input_file_ref idref="fl-3b"/>
      </object_component>
      <object_component id="oc-ae">
         <name>.text:__memcpy_far</name>
         <load_address>0x864a</load_address>
         <run_address>0x864a</run_address>
         <size>0x40</size>
         <input_file_ref idref="fl-26"/>
      </object_component>
      <object_component id="oc-167">
         <name>.text:_pproc_str</name>
         <load_address>0x868a</load_address>
         <run_address>0x868a</run_address>
         <size>0x40</size>
         <input_file_ref idref="fl-3b"/>
      </object_component>
      <object_component id="oc-7e">
         <name>.text:decompress:ZI:__TI_zero_init</name>
         <load_address>0x86ca</load_address>
         <run_address>0x86ca</run_address>
         <size>0x3e</size>
         <input_file_ref idref="fl-25"/>
      </object_component>
      <object_component id="oc-79">
         <name>.text:decompress:none:__TI_decompress_none</name>
         <load_address>0x8708</load_address>
         <run_address>0x8708</run_address>
         <size>0x3c</size>
         <input_file_ref idref="fl-23"/>
      </object_component>
      <object_component id="oc-11b">
         <name>.text:sprintf</name>
         <load_address>0x8744</load_address>
         <run_address>0x8744</run_address>
         <size>0x38</size>
         <input_file_ref idref="fl-39"/>
      </object_component>
      <object_component id="oc-1a7">
         <name>.text:_getarg_diouxp</name>
         <load_address>0x877c</load_address>
         <run_address>0x877c</run_address>
         <size>0x2e</size>
         <input_file_ref idref="fl-3b"/>
      </object_component>
      <object_component id="oc-a9">
         <name>.text:_isr:USCI_A0_ISR</name>
         <load_address>0x87aa</load_address>
         <run_address>0x87aa</run_address>
         <size>0x20</size>
         <input_file_ref idref="fl-2"/>
      </object_component>
      <object_component id="oc-193">
         <name>.text:memccpy</name>
         <load_address>0x87ca</load_address>
         <run_address>0x87ca</run_address>
         <size>0x1c</size>
         <input_file_ref idref="fl-3f"/>
      </object_component>
      <object_component id="oc-1b7">
         <name>.text:_div</name>
         <load_address>0x87e6</load_address>
         <run_address>0x87e6</run_address>
         <size>0x1a</size>
         <input_file_ref idref="fl-3b"/>
      </object_component>
      <object_component id="oc-67">
         <name>.text:_isr:_c_int00_noexit</name>
         <load_address>0x8800</load_address>
         <run_address>0x8800</run_address>
         <size>0x1a</size>
         <input_file_ref idref="fl-22"/>
      </object_component>
      <object_component id="oc-144">
         <name>.text:_outs</name>
         <load_address>0x881a</load_address>
         <run_address>0x881a</run_address>
         <size>0x18</size>
         <input_file_ref idref="fl-39"/>
      </object_component>
      <object_component id="oc-1c3">
         <name>.text</name>
         <load_address>0x8832</load_address>
         <run_address>0x8832</run_address>
         <size>0x16</size>
         <input_file_ref idref="fl-3e"/>
      </object_component>
      <object_component id="oc-1bc">
         <name>.text</name>
         <load_address>0x8848</load_address>
         <run_address>0x8848</run_address>
         <size>0x16</size>
         <input_file_ref idref="fl-42"/>
      </object_component>
      <object_component id="oc-188">
         <name>.text:memset</name>
         <load_address>0x885e</load_address>
         <run_address>0x885e</run_address>
         <size>0x14</size>
         <input_file_ref idref="fl-41"/>
      </object_component>
      <object_component id="oc-149">
         <name>.text:_outc</name>
         <load_address>0x8872</load_address>
         <run_address>0x8872</run_address>
         <size>0x12</size>
         <input_file_ref idref="fl-39"/>
      </object_component>
      <object_component id="oc-156">
         <name>.text:memcpy</name>
         <load_address>0x8884</load_address>
         <run_address>0x8884</run_address>
         <size>0x12</size>
         <input_file_ref idref="fl-40"/>
      </object_component>
      <object_component id="oc-d8">
         <name>.text:uart_puts</name>
         <load_address>0x8896</load_address>
         <run_address>0x8896</run_address>
         <size>0x12</size>
         <input_file_ref idref="fl-2"/>
      </object_component>
      <object_component id="oc-83">
         <name>.text:decompress:rle24:__TI_decompress_rle24</name>
         <load_address>0x88a8</load_address>
         <run_address>0x88a8</run_address>
         <size>0xe</size>
         <input_file_ref idref="fl-24"/>
      </object_component>
      <object_component id="oc-15d">
         <name>.text:strlen</name>
         <load_address>0x88b6</load_address>
         <run_address>0x88b6</run_address>
         <size>0xe</size>
         <input_file_ref idref="fl-43"/>
      </object_component>
      <object_component id="oc-13c">
         <name>.text:uart_putc</name>
         <load_address>0x88c4</load_address>
         <run_address>0x88c4</run_address>
         <size>0xc</size>
         <input_file_ref idref="fl-2"/>
      </object_component>
      <object_component id="oc-8b">
         <name>.text:__TI_ISR_TRAP</name>
         <load_address>0x88d0</load_address>
         <run_address>0x88d0</run_address>
         <size>0x6</size>
         <input_file_ref idref="fl-37"/>
      </object_component>
      <object_component id="oc-8f">
         <name>.text:_system_pre_init</name>
         <load_address>0x88d6</load_address>
         <run_address>0x88d6</run_address>
         <size>0x4</size>
         <input_file_ref idref="fl-38"/>
      </object_component>
      <object_component id="oc-9e">
         <name>.text:abort</name>
         <load_address>0x88da</load_address>
         <run_address>0x88da</run_address>
         <size>0x4</size>
         <input_file_ref idref="fl-27"/>
      </object_component>
      <object_component id="oc-22f">
         <name>__TI_handler_table</name>
         <load_address>0x8932</load_address>
         <run_address>0x8932</run_address>
         <size>0xc</size>
      </object_component>
      <object_component id="oc-232">
         <name>.cinit..data.load</name>
         <load_address>0x893e</load_address>
         <run_address>0x893e</run_address>
         <size>0x8</size>
      </object_component>
      <object_component id="oc-231">
         <name>.cinit..bss.load</name>
         <load_address>0x8946</load_address>
         <run_address>0x8946</run_address>
         <size>0x6</size>
      </object_component>
      <object_component id="oc-230">
         <name>__TI_cinit_table</name>
         <load_address>0x894c</load_address>
         <run_address>0x894c</run_address>
         <size>0x10</size>
      </object_component>
      <object_component id="oc-d7">
         <name>.const:.string</name>
         <load_address>0x88de</load_address>
         <run_address>0x88de</run_address>
         <size>0x40</size>
         <input_file_ref idref="fl-2"/>
      </object_component>
      <object_component id="oc-18d">
         <name>.const:.string</name>
         <load_address>0x891e</load_address>
         <run_address>0x891e</run_address>
         <size>0x14</size>
         <input_file_ref idref="fl-3b"/>
      </object_component>
      <object_component id="oc-63">
         <name>.int45</name>
         <load_address>0xffda</load_address>
         <run_address>0xffda</run_address>
         <size>0x2</size>
         <input_file_ref idref="fl-28"/>
      </object_component>
      <object_component id="oc-64">
         <name>.int46</name>
         <load_address>0xffdc</load_address>
         <run_address>0xffdc</run_address>
         <size>0x2</size>
         <input_file_ref idref="fl-29"/>
      </object_component>
      <object_component id="oc-65">
         <name>.int48</name>
         <load_address>0xffe0</load_address>
         <run_address>0xffe0</run_address>
         <size>0x2</size>
         <input_file_ref idref="fl-2a"/>
      </object_component>
      <object_component id="oc-66">
         <name>.int49</name>
         <load_address>0xffe2</load_address>
         <run_address>0xffe2</run_address>
         <size>0x2</size>
         <input_file_ref idref="fl-2b"/>
      </object_component>
      <object_component id="oc-6c">
         <name>.int50</name>
         <load_address>0xffe4</load_address>
         <run_address>0xffe4</run_address>
         <size>0x2</size>
         <input_file_ref idref="fl-2c"/>
      </object_component>
      <object_component id="oc-6d">
         <name>.int51</name>
         <load_address>0xffe6</load_address>
         <run_address>0xffe6</run_address>
         <size>0x2</size>
         <input_file_ref idref="fl-2d"/>
      </object_component>
      <object_component id="oc-6e">
         <name>.int52</name>
         <load_address>0xffe8</load_address>
         <run_address>0xffe8</run_address>
         <size>0x2</size>
         <input_file_ref idref="fl-2e"/>
      </object_component>
      <object_component id="oc-6f">
         <name>.int53</name>
         <load_address>0xffea</load_address>
         <run_address>0xffea</run_address>
         <size>0x2</size>
         <input_file_ref idref="fl-2f"/>
      </object_component>
      <object_component id="oc-70">
         <name>.int54</name>
         <load_address>0xffec</load_address>
         <run_address>0xffec</run_address>
         <size>0x2</size>
         <input_file_ref idref="fl-30"/>
      </object_component>
      <object_component id="oc-71">
         <name>.int55</name>
         <load_address>0xffee</load_address>
         <run_address>0xffee</run_address>
         <size>0x2</size>
         <input_file_ref idref="fl-31"/>
      </object_component>
      <object_component id="oc-72">
         <name>.int56</name>
         <load_address>0xfff0</load_address>
         <run_address>0xfff0</run_address>
         <size>0x2</size>
         <input_file_ref idref="fl-2"/>
      </object_component>
      <object_component id="oc-73">
         <name>.int57</name>
         <load_address>0xfff2</load_address>
         <run_address>0xfff2</run_address>
         <size>0x2</size>
         <input_file_ref idref="fl-32"/>
      </object_component>
      <object_component id="oc-74">
         <name>.int58</name>
         <load_address>0xfff4</load_address>
         <run_address>0xfff4</run_address>
         <size>0x2</size>
         <input_file_ref idref="fl-2"/>
      </object_component>
      <object_component id="oc-75">
         <name>.int59</name>
         <load_address>0xfff6</load_address>
         <run_address>0xfff6</run_address>
         <size>0x2</size>
         <input_file_ref idref="fl-33"/>
      </object_component>
      <object_component id="oc-76">
         <name>.int60</name>
         <load_address>0xfff8</load_address>
         <run_address>0xfff8</run_address>
         <size>0x2</size>
         <input_file_ref idref="fl-34"/>
      </object_component>
      <object_component id="oc-77">
         <name>.int61</name>
         <load_address>0xfffa</load_address>
         <run_address>0xfffa</run_address>
         <size>0x2</size>
         <input_file_ref idref="fl-35"/>
      </object_component>
      <object_component id="oc-78">
         <name>.int62</name>
         <load_address>0xfffc</load_address>
         <run_address>0xfffc</run_address>
         <size>0x2</size>
         <input_file_ref idref="fl-36"/>
      </object_component>
      <object_component id="oc-8a">
         <name>.reset</name>
         <load_address>0xfffe</load_address>
         <run_address>0xfffe</run_address>
         <size>0x2</size>
         <input_file_ref idref="fl-22"/>
      </object_component>
      <object_component id="oc-124">
         <name>.common:A0results</name>
         <uninitialized>true</uninitialized>
         <run_address>0x1c0c</run_address>
         <size>0x8</size>
      </object_component>
      <object_component id="oc-125">
         <name>.common:A1results</name>
         <uninitialized>true</uninitialized>
         <run_address>0x1c14</run_address>
         <size>0x8</size>
      </object_component>
      <object_component id="oc-126">
         <name>.common:A2results</name>
         <uninitialized>true</uninitialized>
         <run_address>0x1c1c</run_address>
         <size>0x8</size>
      </object_component>
      <object_component id="oc-127">
         <name>.common:A3results</name>
         <uninitialized>true</uninitialized>
         <run_address>0x1c24</run_address>
         <size>0x8</size>
      </object_component>
      <object_component id="oc-128">
         <name>.common:A4results</name>
         <uninitialized>true</uninitialized>
         <run_address>0x1c2c</run_address>
         <size>0x8</size>
      </object_component>
      <object_component id="oc-129">
         <name>.common:A5results</name>
         <uninitialized>true</uninitialized>
         <run_address>0x1c34</run_address>
         <size>0x8</size>
      </object_component>
      <object_component id="oc-115">
         <name>.common:results</name>
         <uninitialized>true</uninitialized>
         <run_address>0x1c00</run_address>
         <size>0xc</size>
      </object_component>
      <object_component id="oc-12a">
         <name>.common:transmit_flag</name>
         <uninitialized>true</uninitialized>
         <run_address>0x1c3c</run_address>
         <size>0x2</size>
      </object_component>
      <object_component id="oc-11a">
         <name>.common:controls</name>
         <uninitialized>true</uninitialized>
         <run_address>0x1c3e</run_address>
         <size>0x1</size>
      </object_component>
      <object_component id="oc-123">
         <name>.data</name>
         <load_address>0x1c40</load_address>
         <run_address>0x1c40</run_address>
         <size>0x2</size>
         <input_file_ref idref="fl-2"/>
      </object_component>
      <object_component id="oc-68">
         <name>.debug_info</name>
         <load_address>0x0</load_address>
         <run_address>0x0</run_address>
         <size>0x125</size>
         <input_file_ref idref="fl-22"/>
      </object_component>
      <object_component id="oc-7d">
         <name>.debug_info</name>
         <load_address>0x125</load_address>
         <run_address>0x125</run_address>
         <size>0x1b4</size>
         <input_file_ref idref="fl-23"/>
      </object_component>
      <object_component id="oc-81">
         <name>.debug_info</name>
         <load_address>0x2d9</load_address>
         <run_address>0x2d9</run_address>
         <size>0x183</size>
         <input_file_ref idref="fl-25"/>
      </object_component>
      <object_component id="oc-85">
         <name>.debug_info</name>
         <load_address>0x45c</load_address>
         <run_address>0x45c</run_address>
         <size>0x1a7</size>
         <input_file_ref idref="fl-24"/>
      </object_component>
      <object_component id="oc-89">
         <name>.debug_info</name>
         <load_address>0x603</load_address>
         <run_address>0x603</run_address>
         <size>0xaa</size>
         <input_file_ref idref="fl-22"/>
      </object_component>
      <object_component id="oc-8e">
         <name>.debug_info</name>
         <load_address>0x6ad</load_address>
         <run_address>0x6ad</run_address>
         <size>0xc2</size>
         <input_file_ref idref="fl-37"/>
      </object_component>
      <object_component id="oc-92">
         <name>.debug_info</name>
         <load_address>0x76f</load_address>
         <run_address>0x76f</run_address>
         <size>0xfd</size>
         <input_file_ref idref="fl-38"/>
      </object_component>
      <object_component id="oc-96">
         <name>.debug_info</name>
         <load_address>0x86c</load_address>
         <run_address>0x86c</run_address>
         <size>0x176</size>
         <input_file_ref idref="fl-3d"/>
      </object_component>
      <object_component id="oc-9a">
         <name>.debug_info</name>
         <load_address>0x9e2</load_address>
         <run_address>0x9e2</run_address>
         <size>0x174</size>
         <input_file_ref idref="fl-2"/>
      </object_component>
      <object_component id="oc-a0">
         <name>.debug_info</name>
         <load_address>0xb56</load_address>
         <run_address>0xb56</run_address>
         <size>0xcc</size>
         <input_file_ref idref="fl-27"/>
      </object_component>
      <object_component id="oc-a5">
         <name>.debug_info</name>
         <load_address>0xc22</load_address>
         <run_address>0xc22</run_address>
         <size>0x140</size>
         <input_file_ref idref="fl-2"/>
      </object_component>
      <object_component id="oc-aa">
         <name>.debug_info</name>
         <load_address>0xd62</load_address>
         <run_address>0xd62</run_address>
         <size>0x12f</size>
         <input_file_ref idref="fl-2"/>
      </object_component>
      <object_component id="oc-af">
         <name>.debug_info</name>
         <load_address>0xe91</load_address>
         <run_address>0xe91</run_address>
         <size>0xcd</size>
         <input_file_ref idref="fl-26"/>
      </object_component>
      <object_component id="oc-b3">
         <name>.debug_info</name>
         <load_address>0xf5e</load_address>
         <run_address>0xf5e</run_address>
         <size>0x46</size>
         <input_file_ref idref="fl-23"/>
      </object_component>
      <object_component id="oc-b8">
         <name>.debug_info</name>
         <load_address>0xfa4</load_address>
         <run_address>0xfa4</run_address>
         <size>0x184</size>
         <input_file_ref idref="fl-23"/>
      </object_component>
      <object_component id="oc-ba">
         <name>.debug_info</name>
         <load_address>0x1128</load_address>
         <run_address>0x1128</run_address>
         <size>0x46</size>
         <input_file_ref idref="fl-25"/>
      </object_component>
      <object_component id="oc-bf">
         <name>.debug_info</name>
         <load_address>0x116e</load_address>
         <run_address>0x116e</run_address>
         <size>0x17f</size>
         <input_file_ref idref="fl-25"/>
      </object_component>
      <object_component id="oc-c2">
         <name>.debug_info</name>
         <load_address>0x12ed</load_address>
         <run_address>0x12ed</run_address>
         <size>0x266</size>
         <input_file_ref idref="fl-24"/>
      </object_component>
      <object_component id="oc-c6">
         <name>.debug_info</name>
         <load_address>0x1553</load_address>
         <run_address>0x1553</run_address>
         <size>0x189</size>
         <input_file_ref idref="fl-24"/>
      </object_component>
      <object_component id="oc-c7">
         <name>.debug_info</name>
         <load_address>0x16dc</load_address>
         <run_address>0x16dc</run_address>
         <size>0x39</size>
         <input_file_ref idref="fl-24"/>
      </object_component>
      <object_component id="oc-ce">
         <name>.debug_info</name>
         <load_address>0x1715</load_address>
         <run_address>0x1715</run_address>
         <size>0x84</size>
         <input_file_ref idref="fl-2"/>
      </object_component>
      <object_component id="oc-d6">
         <name>.debug_info</name>
         <load_address>0x1799</load_address>
         <run_address>0x1799</run_address>
         <size>0x2e0</size>
         <input_file_ref idref="fl-3d"/>
      </object_component>
      <object_component id="oc-da">
         <name>.debug_info</name>
         <load_address>0x1a79</load_address>
         <run_address>0x1a79</run_address>
         <size>0x155</size>
         <input_file_ref idref="fl-2"/>
      </object_component>
      <object_component id="oc-de">
         <name>.debug_info</name>
         <load_address>0x1bce</load_address>
         <run_address>0x1bce</run_address>
         <size>0x754</size>
         <input_file_ref idref="fl-2"/>
      </object_component>
      <object_component id="oc-11c">
         <name>.debug_info</name>
         <load_address>0x2322</load_address>
         <run_address>0x2322</run_address>
         <size>0x17d</size>
         <input_file_ref idref="fl-39"/>
      </object_component>
      <object_component id="oc-137">
         <name>.debug_info</name>
         <load_address>0x249f</load_address>
         <run_address>0x249f</run_address>
         <size>0x39</size>
         <input_file_ref idref="fl-3d"/>
      </object_component>
      <object_component id="oc-13e">
         <name>.debug_info</name>
         <load_address>0x24d8</load_address>
         <run_address>0x24d8</run_address>
         <size>0x13d</size>
         <input_file_ref idref="fl-2"/>
      </object_component>
      <object_component id="oc-146">
         <name>.debug_info</name>
         <load_address>0x2615</load_address>
         <run_address>0x2615</run_address>
         <size>0x142</size>
         <input_file_ref idref="fl-39"/>
      </object_component>
      <object_component id="oc-14b">
         <name>.debug_info</name>
         <load_address>0x2757</load_address>
         <run_address>0x2757</run_address>
         <size>0x117</size>
         <input_file_ref idref="fl-39"/>
      </object_component>
      <object_component id="oc-14f">
         <name>.debug_info</name>
         <load_address>0x286e</load_address>
         <run_address>0x286e</run_address>
         <size>0x25d</size>
         <input_file_ref idref="fl-3b"/>
      </object_component>
      <object_component id="oc-154">
         <name>.debug_info</name>
         <load_address>0x2acb</load_address>
         <run_address>0x2acb</run_address>
         <size>0x1e2</size>
         <input_file_ref idref="fl-39"/>
      </object_component>
      <object_component id="oc-157">
         <name>.debug_info</name>
         <load_address>0x2cad</load_address>
         <run_address>0x2cad</run_address>
         <size>0x157</size>
         <input_file_ref idref="fl-40"/>
      </object_component>
      <object_component id="oc-15e">
         <name>.debug_info</name>
         <load_address>0x2e04</load_address>
         <run_address>0x2e04</run_address>
         <size>0x153</size>
         <input_file_ref idref="fl-43"/>
      </object_component>
      <object_component id="oc-163">
         <name>.debug_info</name>
         <load_address>0x2f57</load_address>
         <run_address>0x2f57</run_address>
         <size>0x239</size>
         <input_file_ref idref="fl-3b"/>
      </object_component>
      <object_component id="oc-168">
         <name>.debug_info</name>
         <load_address>0x3190</load_address>
         <run_address>0x3190</run_address>
         <size>0x1d6</size>
         <input_file_ref idref="fl-3b"/>
      </object_component>
      <object_component id="oc-16d">
         <name>.debug_info</name>
         <load_address>0x3366</load_address>
         <run_address>0x3366</run_address>
         <size>0x259</size>
         <input_file_ref idref="fl-3b"/>
      </object_component>
      <object_component id="oc-16e">
         <name>.debug_info</name>
         <load_address>0x35bf</load_address>
         <run_address>0x35bf</run_address>
         <size>0x2c</size>
         <input_file_ref idref="fl-2"/>
      </object_component>
      <object_component id="oc-173">
         <name>.debug_info</name>
         <load_address>0x35eb</load_address>
         <run_address>0x35eb</run_address>
         <size>0x86</size>
         <input_file_ref idref="fl-3b"/>
      </object_component>
      <object_component id="oc-17a">
         <name>.debug_info</name>
         <load_address>0x3671</load_address>
         <run_address>0x3671</run_address>
         <size>0x2c</size>
         <input_file_ref idref="fl-39"/>
      </object_component>
      <object_component id="oc-180">
         <name>.debug_info</name>
         <load_address>0x369d</load_address>
         <run_address>0x369d</run_address>
         <size>0x127</size>
         <input_file_ref idref="fl-40"/>
      </object_component>
      <object_component id="oc-181">
         <name>.debug_info</name>
         <load_address>0x37c4</load_address>
         <run_address>0x37c4</run_address>
         <size>0x2c</size>
         <input_file_ref idref="fl-40"/>
      </object_component>
      <object_component id="oc-187">
         <name>.debug_info</name>
         <load_address>0x37f0</load_address>
         <run_address>0x37f0</run_address>
         <size>0x111</size>
         <input_file_ref idref="fl-43"/>
      </object_component>
      <object_component id="oc-18a">
         <name>.debug_info</name>
         <load_address>0x3901</load_address>
         <run_address>0x3901</run_address>
         <size>0x183</size>
         <input_file_ref idref="fl-41"/>
      </object_component>
      <object_component id="oc-18f">
         <name>.debug_info</name>
         <load_address>0x3a84</load_address>
         <run_address>0x3a84</run_address>
         <size>0x1e4</size>
         <input_file_ref idref="fl-3b"/>
      </object_component>
      <object_component id="oc-196">
         <name>.debug_info</name>
         <load_address>0x3c68</load_address>
         <run_address>0x3c68</run_address>
         <size>0x160</size>
         <input_file_ref idref="fl-3f"/>
      </object_component>
      <object_component id="oc-19c">
         <name>.debug_info</name>
         <load_address>0x3dc8</load_address>
         <run_address>0x3dc8</run_address>
         <size>0x39</size>
         <input_file_ref idref="fl-3b"/>
      </object_component>
      <object_component id="oc-1a6">
         <name>.debug_info</name>
         <load_address>0x3e01</load_address>
         <run_address>0x3e01</run_address>
         <size>0x117</size>
         <input_file_ref idref="fl-41"/>
      </object_component>
      <object_component id="oc-1a8">
         <name>.debug_info</name>
         <load_address>0x3f18</load_address>
         <run_address>0x3f18</run_address>
         <size>0x15c</size>
         <input_file_ref idref="fl-3b"/>
      </object_component>
      <object_component id="oc-1ad">
         <name>.debug_info</name>
         <load_address>0x4074</load_address>
         <run_address>0x4074</run_address>
         <size>0x1a1</size>
         <input_file_ref idref="fl-3b"/>
      </object_component>
      <object_component id="oc-1b3">
         <name>.debug_info</name>
         <load_address>0x4215</load_address>
         <run_address>0x4215</run_address>
         <size>0x118</size>
         <input_file_ref idref="fl-3f"/>
      </object_component>
      <object_component id="oc-1b8">
         <name>.debug_info</name>
         <load_address>0x432d</load_address>
         <run_address>0x432d</run_address>
         <size>0x14c</size>
         <input_file_ref idref="fl-3b"/>
      </object_component>
      <object_component id="oc-1bd">
         <name>.debug_info</name>
         <load_address>0x4479</load_address>
         <run_address>0x4479</run_address>
         <size>0xe3</size>
         <input_file_ref idref="fl-42"/>
      </object_component>
      <object_component id="oc-1c5">
         <name>.debug_info</name>
         <load_address>0x455c</load_address>
         <run_address>0x455c</run_address>
         <size>0xd4</size>
         <input_file_ref idref="fl-3e"/>
      </object_component>
      <object_component id="oc-234">
         <name>.debug_info</name>
         <load_address>0x4630</load_address>
         <run_address>0x4630</run_address>
         <size>0xa4</size>
      </object_component>
      <object_component id="oc-69">
         <name>.debug_aranges</name>
         <load_address>0x0</load_address>
         <run_address>0x0</run_address>
         <size>0x20</size>
         <input_file_ref idref="fl-22"/>
      </object_component>
      <object_component id="oc-7a">
         <name>.debug_aranges</name>
         <load_address>0x20</load_address>
         <run_address>0x20</run_address>
         <size>0x20</size>
         <input_file_ref idref="fl-23"/>
      </object_component>
      <object_component id="oc-7f">
         <name>.debug_aranges</name>
         <load_address>0x40</load_address>
         <run_address>0x40</run_address>
         <size>0x20</size>
         <input_file_ref idref="fl-25"/>
      </object_component>
      <object_component id="oc-84">
         <name>.debug_aranges</name>
         <load_address>0x60</load_address>
         <run_address>0x60</run_address>
         <size>0x20</size>
         <input_file_ref idref="fl-24"/>
      </object_component>
      <object_component id="oc-8d">
         <name>.debug_aranges</name>
         <load_address>0x80</load_address>
         <run_address>0x80</run_address>
         <size>0x20</size>
         <input_file_ref idref="fl-37"/>
      </object_component>
      <object_component id="oc-90">
         <name>.debug_aranges</name>
         <load_address>0xa0</load_address>
         <run_address>0xa0</run_address>
         <size>0x20</size>
         <input_file_ref idref="fl-38"/>
      </object_component>
      <object_component id="oc-98">
         <name>.debug_aranges</name>
         <load_address>0xc0</load_address>
         <run_address>0xc0</run_address>
         <size>0x20</size>
         <input_file_ref idref="fl-3d"/>
      </object_component>
      <object_component id="oc-9c">
         <name>.debug_aranges</name>
         <load_address>0xe0</load_address>
         <run_address>0xe0</run_address>
         <size>0x20</size>
         <input_file_ref idref="fl-2"/>
      </object_component>
      <object_component id="oc-a1">
         <name>.debug_aranges</name>
         <load_address>0x100</load_address>
         <run_address>0x100</run_address>
         <size>0x20</size>
         <input_file_ref idref="fl-27"/>
      </object_component>
      <object_component id="oc-a7">
         <name>.debug_aranges</name>
         <load_address>0x120</load_address>
         <run_address>0x120</run_address>
         <size>0x20</size>
         <input_file_ref idref="fl-2"/>
      </object_component>
      <object_component id="oc-ac">
         <name>.debug_aranges</name>
         <load_address>0x140</load_address>
         <run_address>0x140</run_address>
         <size>0x20</size>
         <input_file_ref idref="fl-2"/>
      </object_component>
      <object_component id="oc-b1">
         <name>.debug_aranges</name>
         <load_address>0x160</load_address>
         <run_address>0x160</run_address>
         <size>0x20</size>
         <input_file_ref idref="fl-26"/>
      </object_component>
      <object_component id="oc-c1">
         <name>.debug_aranges</name>
         <load_address>0x180</load_address>
         <run_address>0x180</run_address>
         <size>0x30</size>
         <input_file_ref idref="fl-24"/>
      </object_component>
      <object_component id="oc-dc">
         <name>.debug_aranges</name>
         <load_address>0x1b0</load_address>
         <run_address>0x1b0</run_address>
         <size>0x20</size>
         <input_file_ref idref="fl-2"/>
      </object_component>
      <object_component id="oc-11f">
         <name>.debug_aranges</name>
         <load_address>0x1d0</load_address>
         <run_address>0x1d0</run_address>
         <size>0x20</size>
         <input_file_ref idref="fl-39"/>
      </object_component>
      <object_component id="oc-140">
         <name>.debug_aranges</name>
         <load_address>0x1f0</load_address>
         <run_address>0x1f0</run_address>
         <size>0x20</size>
         <input_file_ref idref="fl-2"/>
      </object_component>
      <object_component id="oc-147">
         <name>.debug_aranges</name>
         <load_address>0x210</load_address>
         <run_address>0x210</run_address>
         <size>0x20</size>
         <input_file_ref idref="fl-39"/>
      </object_component>
      <object_component id="oc-14c">
         <name>.debug_aranges</name>
         <load_address>0x230</load_address>
         <run_address>0x230</run_address>
         <size>0x20</size>
         <input_file_ref idref="fl-39"/>
      </object_component>
      <object_component id="oc-152">
         <name>.debug_aranges</name>
         <load_address>0x250</load_address>
         <run_address>0x250</run_address>
         <size>0x20</size>
         <input_file_ref idref="fl-3b"/>
      </object_component>
      <object_component id="oc-159">
         <name>.debug_aranges</name>
         <load_address>0x270</load_address>
         <run_address>0x270</run_address>
         <size>0x20</size>
         <input_file_ref idref="fl-40"/>
      </object_component>
      <object_component id="oc-160">
         <name>.debug_aranges</name>
         <load_address>0x290</load_address>
         <run_address>0x290</run_address>
         <size>0x20</size>
         <input_file_ref idref="fl-43"/>
      </object_component>
      <object_component id="oc-166">
         <name>.debug_aranges</name>
         <load_address>0x2b0</load_address>
         <run_address>0x2b0</run_address>
         <size>0x20</size>
         <input_file_ref idref="fl-3b"/>
      </object_component>
      <object_component id="oc-16b">
         <name>.debug_aranges</name>
         <load_address>0x2d0</load_address>
         <run_address>0x2d0</run_address>
         <size>0x20</size>
         <input_file_ref idref="fl-3b"/>
      </object_component>
      <object_component id="oc-18c">
         <name>.debug_aranges</name>
         <load_address>0x2f0</load_address>
         <run_address>0x2f0</run_address>
         <size>0x20</size>
         <input_file_ref idref="fl-41"/>
      </object_component>
      <object_component id="oc-192">
         <name>.debug_aranges</name>
         <load_address>0x310</load_address>
         <run_address>0x310</run_address>
         <size>0x20</size>
         <input_file_ref idref="fl-3b"/>
      </object_component>
      <object_component id="oc-195">
         <name>.debug_aranges</name>
         <load_address>0x330</load_address>
         <run_address>0x330</run_address>
         <size>0x20</size>
         <input_file_ref idref="fl-3f"/>
      </object_component>
      <object_component id="oc-1ab">
         <name>.debug_aranges</name>
         <load_address>0x350</load_address>
         <run_address>0x350</run_address>
         <size>0x20</size>
         <input_file_ref idref="fl-3b"/>
      </object_component>
      <object_component id="oc-1b0">
         <name>.debug_aranges</name>
         <load_address>0x370</load_address>
         <run_address>0x370</run_address>
         <size>0x20</size>
         <input_file_ref idref="fl-3b"/>
      </object_component>
      <object_component id="oc-1bb">
         <name>.debug_aranges</name>
         <load_address>0x390</load_address>
         <run_address>0x390</run_address>
         <size>0x20</size>
         <input_file_ref idref="fl-3b"/>
      </object_component>
      <object_component id="oc-1bf">
         <name>.debug_aranges</name>
         <load_address>0x3b0</load_address>
         <run_address>0x3b0</run_address>
         <size>0x20</size>
         <input_file_ref idref="fl-42"/>
      </object_component>
      <object_component id="oc-1c4">
         <name>.debug_aranges</name>
         <load_address>0x3d0</load_address>
         <run_address>0x3d0</run_address>
         <size>0x20</size>
         <input_file_ref idref="fl-3e"/>
      </object_component>
      <object_component id="oc-6a">
         <name>.debug_frame</name>
         <load_address>0x0</load_address>
         <run_address>0x0</run_address>
         <size>0x42</size>
         <input_file_ref idref="fl-22"/>
      </object_component>
      <object_component id="oc-7c">
         <name>.debug_frame</name>
         <load_address>0x42</load_address>
         <run_address>0x42</run_address>
         <size>0x56</size>
         <input_file_ref idref="fl-23"/>
      </object_component>
      <object_component id="oc-80">
         <name>.debug_frame</name>
         <load_address>0x98</load_address>
         <run_address>0x98</run_address>
         <size>0x50</size>
         <input_file_ref idref="fl-25"/>
      </object_component>
      <object_component id="oc-87">
         <name>.debug_frame</name>
         <load_address>0xe8</load_address>
         <run_address>0xe8</run_address>
         <size>0x4d</size>
         <input_file_ref idref="fl-24"/>
      </object_component>
      <object_component id="oc-91">
         <name>.debug_frame</name>
         <load_address>0x135</load_address>
         <run_address>0x135</run_address>
         <size>0x47</size>
         <input_file_ref idref="fl-38"/>
      </object_component>
      <object_component id="oc-97">
         <name>.debug_frame</name>
         <load_address>0x17c</load_address>
         <run_address>0x17c</run_address>
         <size>0x56</size>
         <input_file_ref idref="fl-3d"/>
      </object_component>
      <object_component id="oc-9d">
         <name>.debug_frame</name>
         <load_address>0x1d2</load_address>
         <run_address>0x1d2</run_address>
         <size>0x4b</size>
         <input_file_ref idref="fl-2"/>
      </object_component>
      <object_component id="oc-a2">
         <name>.debug_frame</name>
         <load_address>0x21d</load_address>
         <run_address>0x21d</run_address>
         <size>0x47</size>
         <input_file_ref idref="fl-27"/>
      </object_component>
      <object_component id="oc-a8">
         <name>.debug_frame</name>
         <load_address>0x264</load_address>
         <run_address>0x264</run_address>
         <size>0x50</size>
         <input_file_ref idref="fl-2"/>
      </object_component>
      <object_component id="oc-ad">
         <name>.debug_frame</name>
         <load_address>0x2b4</load_address>
         <run_address>0x2b4</run_address>
         <size>0x47</size>
         <input_file_ref idref="fl-2"/>
      </object_component>
      <object_component id="oc-c3">
         <name>.debug_frame</name>
         <load_address>0x2fb</load_address>
         <run_address>0x2fb</run_address>
         <size>0x83</size>
         <input_file_ref idref="fl-24"/>
      </object_component>
      <object_component id="oc-d9">
         <name>.debug_frame</name>
         <load_address>0x37e</load_address>
         <run_address>0x37e</run_address>
         <size>0x47</size>
         <input_file_ref idref="fl-2"/>
      </object_component>
      <object_component id="oc-11e">
         <name>.debug_frame</name>
         <load_address>0x3c5</load_address>
         <run_address>0x3c5</run_address>
         <size>0x4d</size>
         <input_file_ref idref="fl-39"/>
      </object_component>
      <object_component id="oc-13d">
         <name>.debug_frame</name>
         <load_address>0x412</load_address>
         <run_address>0x412</run_address>
         <size>0x47</size>
         <input_file_ref idref="fl-2"/>
      </object_component>
      <object_component id="oc-148">
         <name>.debug_frame</name>
         <load_address>0x459</load_address>
         <run_address>0x459</run_address>
         <size>0x53</size>
         <input_file_ref idref="fl-39"/>
      </object_component>
      <object_component id="oc-14d">
         <name>.debug_frame</name>
         <load_address>0x4ac</load_address>
         <run_address>0x4ac</run_address>
         <size>0x47</size>
         <input_file_ref idref="fl-39"/>
      </object_component>
      <object_component id="oc-150">
         <name>.debug_frame</name>
         <load_address>0x4f3</load_address>
         <run_address>0x4f3</run_address>
         <size>0x66</size>
         <input_file_ref idref="fl-3b"/>
      </object_component>
      <object_component id="oc-158">
         <name>.debug_frame</name>
         <load_address>0x559</load_address>
         <run_address>0x559</run_address>
         <size>0x47</size>
         <input_file_ref idref="fl-40"/>
      </object_component>
      <object_component id="oc-161">
         <name>.debug_frame</name>
         <load_address>0x5a0</load_address>
         <run_address>0x5a0</run_address>
         <size>0x47</size>
         <input_file_ref idref="fl-43"/>
      </object_component>
      <object_component id="oc-165">
         <name>.debug_frame</name>
         <load_address>0x5e7</load_address>
         <run_address>0x5e7</run_address>
         <size>0x63</size>
         <input_file_ref idref="fl-3b"/>
      </object_component>
      <object_component id="oc-169">
         <name>.debug_frame</name>
         <load_address>0x64a</load_address>
         <run_address>0x64a</run_address>
         <size>0x59</size>
         <input_file_ref idref="fl-3b"/>
      </object_component>
      <object_component id="oc-189">
         <name>.debug_frame</name>
         <load_address>0x6a3</load_address>
         <run_address>0x6a3</run_address>
         <size>0x47</size>
         <input_file_ref idref="fl-41"/>
      </object_component>
      <object_component id="oc-190">
         <name>.debug_frame</name>
         <load_address>0x6ea</load_address>
         <run_address>0x6ea</run_address>
         <size>0x53</size>
         <input_file_ref idref="fl-3b"/>
      </object_component>
      <object_component id="oc-194">
         <name>.debug_frame</name>
         <load_address>0x73d</load_address>
         <run_address>0x73d</run_address>
         <size>0x47</size>
         <input_file_ref idref="fl-3f"/>
      </object_component>
      <object_component id="oc-1a9">
         <name>.debug_frame</name>
         <load_address>0x784</load_address>
         <run_address>0x784</run_address>
         <size>0x47</size>
         <input_file_ref idref="fl-3b"/>
      </object_component>
      <object_component id="oc-1af">
         <name>.debug_frame</name>
         <load_address>0x7cb</load_address>
         <run_address>0x7cb</run_address>
         <size>0x56</size>
         <input_file_ref idref="fl-3b"/>
      </object_component>
      <object_component id="oc-1b9">
         <name>.debug_frame</name>
         <load_address>0x821</load_address>
         <run_address>0x821</run_address>
         <size>0x47</size>
         <input_file_ref idref="fl-3b"/>
      </object_component>
      <object_component id="oc-6b">
         <name>.debug_line</name>
         <load_address>0x0</load_address>
         <run_address>0x0</run_address>
         <size>0x44</size>
         <input_file_ref idref="fl-22"/>
      </object_component>
      <object_component id="oc-7b">
         <name>.debug_line</name>
         <load_address>0x44</load_address>
         <run_address>0x44</run_address>
         <size>0x50</size>
         <input_file_ref idref="fl-23"/>
      </object_component>
      <object_component id="oc-82">
         <name>.debug_line</name>
         <load_address>0x94</load_address>
         <run_address>0x94</run_address>
         <size>0x4a</size>
         <input_file_ref idref="fl-25"/>
      </object_component>
      <object_component id="oc-86">
         <name>.debug_line</name>
         <load_address>0xde</load_address>
         <run_address>0xde</run_address>
         <size>0x4c</size>
         <input_file_ref idref="fl-24"/>
      </object_component>
      <object_component id="oc-8c">
         <name>.debug_line</name>
         <load_address>0x12a</load_address>
         <run_address>0x12a</run_address>
         <size>0x3c</size>
         <input_file_ref idref="fl-37"/>
      </object_component>
      <object_component id="oc-93">
         <name>.debug_line</name>
         <load_address>0x166</load_address>
         <run_address>0x166</run_address>
         <size>0x3e</size>
         <input_file_ref idref="fl-38"/>
      </object_component>
      <object_component id="oc-95">
         <name>.debug_line</name>
         <load_address>0x1a4</load_address>
         <run_address>0x1a4</run_address>
         <size>0x6c</size>
         <input_file_ref idref="fl-3d"/>
      </object_component>
      <object_component id="oc-9b">
         <name>.debug_line</name>
         <load_address>0x210</load_address>
         <run_address>0x210</run_address>
         <size>0xa0</size>
         <input_file_ref idref="fl-2"/>
      </object_component>
      <object_component id="oc-9f">
         <name>.debug_line</name>
         <load_address>0x2b0</load_address>
         <run_address>0x2b0</run_address>
         <size>0x3a</size>
         <input_file_ref idref="fl-27"/>
      </object_component>
      <object_component id="oc-a6">
         <name>.debug_line</name>
         <load_address>0x2ea</load_address>
         <run_address>0x2ea</run_address>
         <size>0x5f</size>
         <input_file_ref idref="fl-2"/>
      </object_component>
      <object_component id="oc-ab">
         <name>.debug_line</name>
         <load_address>0x349</load_address>
         <run_address>0x349</run_address>
         <size>0x5e</size>
         <input_file_ref idref="fl-2"/>
      </object_component>
      <object_component id="oc-b0">
         <name>.debug_line</name>
         <load_address>0x3a7</load_address>
         <run_address>0x3a7</run_address>
         <size>0x52</size>
         <input_file_ref idref="fl-26"/>
      </object_component>
      <object_component id="oc-b5">
         <name>.debug_line</name>
         <load_address>0x3f9</load_address>
         <run_address>0x3f9</run_address>
         <size>0x3a</size>
         <input_file_ref idref="fl-23"/>
      </object_component>
      <object_component id="oc-bc">
         <name>.debug_line</name>
         <load_address>0x433</load_address>
         <run_address>0x433</run_address>
         <size>0x34</size>
         <input_file_ref idref="fl-25"/>
      </object_component>
      <object_component id="oc-c4">
         <name>.debug_line</name>
         <load_address>0x467</load_address>
         <run_address>0x467</run_address>
         <size>0x85</size>
         <input_file_ref idref="fl-24"/>
      </object_component>
      <object_component id="oc-c9">
         <name>.debug_line</name>
         <load_address>0x4ec</load_address>
         <run_address>0x4ec</run_address>
         <size>0x39</size>
         <input_file_ref idref="fl-24"/>
      </object_component>
      <object_component id="oc-cd">
         <name>.debug_line</name>
         <load_address>0x525</load_address>
         <run_address>0x525</run_address>
         <size>0x2a</size>
         <input_file_ref idref="fl-22"/>
      </object_component>
      <object_component id="oc-d0">
         <name>.debug_line</name>
         <load_address>0x54f</load_address>
         <run_address>0x54f</run_address>
         <size>0x20</size>
         <input_file_ref idref="fl-2"/>
      </object_component>
      <object_component id="oc-db">
         <name>.debug_line</name>
         <load_address>0x56f</load_address>
         <run_address>0x56f</run_address>
         <size>0x55</size>
         <input_file_ref idref="fl-2"/>
      </object_component>
      <object_component id="oc-11d">
         <name>.debug_line</name>
         <load_address>0x5c4</load_address>
         <run_address>0x5c4</run_address>
         <size>0x46</size>
         <input_file_ref idref="fl-39"/>
      </object_component>
      <object_component id="oc-12f">
         <name>.debug_line</name>
         <load_address>0x60a</load_address>
         <run_address>0x60a</run_address>
         <size>0x3a</size>
         <input_file_ref idref="fl-23"/>
      </object_component>
      <object_component id="oc-131">
         <name>.debug_line</name>
         <load_address>0x644</load_address>
         <run_address>0x644</run_address>
         <size>0x20</size>
         <input_file_ref idref="fl-25"/>
      </object_component>
      <object_component id="oc-134">
         <name>.debug_line</name>
         <load_address>0x664</load_address>
         <run_address>0x664</run_address>
         <size>0x20</size>
         <input_file_ref idref="fl-24"/>
      </object_component>
      <object_component id="oc-136">
         <name>.debug_line</name>
         <load_address>0x684</load_address>
         <run_address>0x684</run_address>
         <size>0x2e</size>
         <input_file_ref idref="fl-3d"/>
      </object_component>
      <object_component id="oc-139">
         <name>.debug_line</name>
         <load_address>0x6b2</load_address>
         <run_address>0x6b2</run_address>
         <size>0x2e</size>
         <input_file_ref idref="fl-3d"/>
      </object_component>
      <object_component id="oc-13f">
         <name>.debug_line</name>
         <load_address>0x6e0</load_address>
         <run_address>0x6e0</run_address>
         <size>0x55</size>
         <input_file_ref idref="fl-2"/>
      </object_component>
      <object_component id="oc-143">
         <name>.debug_line</name>
         <load_address>0x735</load_address>
         <run_address>0x735</run_address>
         <size>0xda</size>
         <input_file_ref idref="fl-2"/>
      </object_component>
      <object_component id="oc-145">
         <name>.debug_line</name>
         <load_address>0x80f</load_address>
         <run_address>0x80f</run_address>
         <size>0x42</size>
         <input_file_ref idref="fl-39"/>
      </object_component>
      <object_component id="oc-14a">
         <name>.debug_line</name>
         <load_address>0x851</load_address>
         <run_address>0x851</run_address>
         <size>0x3d</size>
         <input_file_ref idref="fl-39"/>
      </object_component>
      <object_component id="oc-151">
         <name>.debug_line</name>
         <load_address>0x88e</load_address>
         <run_address>0x88e</run_address>
         <size>0x7b</size>
         <input_file_ref idref="fl-3b"/>
      </object_component>
      <object_component id="oc-15a">
         <name>.debug_line</name>
         <load_address>0x909</load_address>
         <run_address>0x909</run_address>
         <size>0x45</size>
         <input_file_ref idref="fl-40"/>
      </object_component>
      <object_component id="oc-15f">
         <name>.debug_line</name>
         <load_address>0x94e</load_address>
         <run_address>0x94e</run_address>
         <size>0x5d</size>
         <input_file_ref idref="fl-43"/>
      </object_component>
      <object_component id="oc-164">
         <name>.debug_line</name>
         <load_address>0x9ab</load_address>
         <run_address>0x9ab</run_address>
         <size>0x8b</size>
         <input_file_ref idref="fl-3b"/>
      </object_component>
      <object_component id="oc-16a">
         <name>.debug_line</name>
         <load_address>0xa36</load_address>
         <run_address>0xa36</run_address>
         <size>0x54</size>
         <input_file_ref idref="fl-3b"/>
      </object_component>
      <object_component id="oc-170">
         <name>.debug_line</name>
         <load_address>0xa8a</load_address>
         <run_address>0xa8a</run_address>
         <size>0x5c</size>
         <input_file_ref idref="fl-2"/>
      </object_component>
      <object_component id="oc-175">
         <name>.debug_line</name>
         <load_address>0xae6</load_address>
         <run_address>0xae6</run_address>
         <size>0x44</size>
         <input_file_ref idref="fl-3b"/>
      </object_component>
      <object_component id="oc-179">
         <name>.debug_line</name>
         <load_address>0xb2a</load_address>
         <run_address>0xb2a</run_address>
         <size>0x51</size>
         <input_file_ref idref="fl-39"/>
      </object_component>
      <object_component id="oc-17c">
         <name>.debug_line</name>
         <load_address>0xb7b</load_address>
         <run_address>0xb7b</run_address>
         <size>0x43</size>
         <input_file_ref idref="fl-39"/>
      </object_component>
      <object_component id="oc-183">
         <name>.debug_line</name>
         <load_address>0xbbe</load_address>
         <run_address>0xbbe</run_address>
         <size>0x44</size>
         <input_file_ref idref="fl-40"/>
      </object_component>
      <object_component id="oc-18b">
         <name>.debug_line</name>
         <load_address>0xc02</load_address>
         <run_address>0xc02</run_address>
         <size>0x5d</size>
         <input_file_ref idref="fl-41"/>
      </object_component>
      <object_component id="oc-191">
         <name>.debug_line</name>
         <load_address>0xc5f</load_address>
         <run_address>0xc5f</run_address>
         <size>0x58</size>
         <input_file_ref idref="fl-3b"/>
      </object_component>
      <object_component id="oc-197">
         <name>.debug_line</name>
         <load_address>0xcb7</load_address>
         <run_address>0xcb7</run_address>
         <size>0x46</size>
         <input_file_ref idref="fl-3f"/>
      </object_component>
      <object_component id="oc-19b">
         <name>.debug_line</name>
         <load_address>0xcfd</load_address>
         <run_address>0xcfd</run_address>
         <size>0x52</size>
         <input_file_ref idref="fl-3b"/>
      </object_component>
      <object_component id="oc-19e">
         <name>.debug_line</name>
         <load_address>0xd4f</load_address>
         <run_address>0xd4f</run_address>
         <size>0x2e</size>
         <input_file_ref idref="fl-3b"/>
      </object_component>
      <object_component id="oc-1a2">
         <name>.debug_line</name>
         <load_address>0xd7d</load_address>
         <run_address>0xd7d</run_address>
         <size>0x20</size>
         <input_file_ref idref="fl-40"/>
      </object_component>
      <object_component id="oc-1a4">
         <name>.debug_line</name>
         <load_address>0xd9d</load_address>
         <run_address>0xd9d</run_address>
         <size>0x20</size>
         <input_file_ref idref="fl-43"/>
      </object_component>
      <object_component id="oc-1aa">
         <name>.debug_line</name>
         <load_address>0xdbd</load_address>
         <run_address>0xdbd</run_address>
         <size>0x4f</size>
         <input_file_ref idref="fl-3b"/>
      </object_component>
      <object_component id="oc-1ae">
         <name>.debug_line</name>
         <load_address>0xe0c</load_address>
         <run_address>0xe0c</run_address>
         <size>0x50</size>
         <input_file_ref idref="fl-3b"/>
      </object_component>
      <object_component id="oc-1b5">
         <name>.debug_line</name>
         <load_address>0xe5c</load_address>
         <run_address>0xe5c</run_address>
         <size>0x20</size>
         <input_file_ref idref="fl-41"/>
      </object_component>
      <object_component id="oc-1ba">
         <name>.debug_line</name>
         <load_address>0xe7c</load_address>
         <run_address>0xe7c</run_address>
         <size>0x48</size>
         <input_file_ref idref="fl-3b"/>
      </object_component>
      <object_component id="oc-1be">
         <name>.debug_line</name>
         <load_address>0xec4</load_address>
         <run_address>0xec4</run_address>
         <size>0x45</size>
         <input_file_ref idref="fl-42"/>
      </object_component>
      <object_component id="oc-1c2">
         <name>.debug_line</name>
         <load_address>0xf09</load_address>
         <run_address>0xf09</run_address>
         <size>0x20</size>
         <input_file_ref idref="fl-3f"/>
      </object_component>
      <object_component id="oc-1c6">
         <name>.debug_line</name>
         <load_address>0xf29</load_address>
         <run_address>0xf29</run_address>
         <size>0x43</size>
         <input_file_ref idref="fl-3e"/>
      </object_component>
      <object_component id="oc-a3">
         <name>.debug_abbrev</name>
         <load_address>0x0</load_address>
         <run_address>0x0</run_address>
         <size>0x58</size>
         <input_file_ref idref="fl-22"/>
      </object_component>
      <object_component id="oc-b2">
         <name>.debug_abbrev</name>
         <load_address>0x58</load_address>
         <run_address>0x58</run_address>
         <size>0x7d</size>
         <input_file_ref idref="fl-23"/>
      </object_component>
      <object_component id="oc-b4">
         <name>.debug_abbrev</name>
         <load_address>0xd5</load_address>
         <run_address>0xd5</run_address>
         <size>0x24</size>
         <input_file_ref idref="fl-23"/>
      </object_component>
      <object_component id="oc-b9">
         <name>.debug_abbrev</name>
         <load_address>0xf9</load_address>
         <run_address>0xf9</run_address>
         <size>0x6f</size>
         <input_file_ref idref="fl-25"/>
      </object_component>
      <object_component id="oc-bb">
         <name>.debug_abbrev</name>
         <load_address>0x168</load_address>
         <run_address>0x168</run_address>
         <size>0x24</size>
         <input_file_ref idref="fl-25"/>
      </object_component>
      <object_component id="oc-c5">
         <name>.debug_abbrev</name>
         <load_address>0x18c</load_address>
         <run_address>0x18c</run_address>
         <size>0x7d</size>
         <input_file_ref idref="fl-24"/>
      </object_component>
      <object_component id="oc-c8">
         <name>.debug_abbrev</name>
         <load_address>0x209</load_address>
         <run_address>0x209</run_address>
         <size>0x24</size>
         <input_file_ref idref="fl-24"/>
      </object_component>
      <object_component id="oc-cc">
         <name>.debug_abbrev</name>
         <load_address>0x22d</load_address>
         <run_address>0x22d</run_address>
         <size>0x29</size>
         <input_file_ref idref="fl-22"/>
      </object_component>
      <object_component id="oc-cf">
         <name>.debug_abbrev</name>
         <load_address>0x256</load_address>
         <run_address>0x256</run_address>
         <size>0x1f</size>
         <input_file_ref idref="fl-2"/>
      </object_component>
      <object_component id="oc-d3">
         <name>.debug_abbrev</name>
         <load_address>0x275</load_address>
         <run_address>0x275</run_address>
         <size>0x27</size>
         <input_file_ref idref="fl-37"/>
      </object_component>
      <object_component id="oc-d4">
         <name>.debug_abbrev</name>
         <load_address>0x29c</load_address>
         <run_address>0x29c</run_address>
         <size>0x55</size>
         <input_file_ref idref="fl-38"/>
      </object_component>
      <object_component id="oc-d5">
         <name>.debug_abbrev</name>
         <load_address>0x2f1</load_address>
         <run_address>0x2f1</run_address>
         <size>0x70</size>
         <input_file_ref idref="fl-3d"/>
      </object_component>
      <object_component id="oc-121">
         <name>.debug_abbrev</name>
         <load_address>0x361</load_address>
         <run_address>0x361</run_address>
         <size>0x62</size>
         <input_file_ref idref="fl-2"/>
      </object_component>
      <object_component id="oc-122">
         <name>.debug_abbrev</name>
         <load_address>0x3c3</load_address>
         <run_address>0x3c3</run_address>
         <size>0x45</size>
         <input_file_ref idref="fl-27"/>
      </object_component>
      <object_component id="oc-12b">
         <name>.debug_abbrev</name>
         <load_address>0x408</load_address>
         <run_address>0x408</run_address>
         <size>0x61</size>
         <input_file_ref idref="fl-2"/>
      </object_component>
      <object_component id="oc-12c">
         <name>.debug_abbrev</name>
         <load_address>0x469</load_address>
         <run_address>0x469</run_address>
         <size>0x53</size>
         <input_file_ref idref="fl-2"/>
      </object_component>
      <object_component id="oc-12d">
         <name>.debug_abbrev</name>
         <load_address>0x4bc</load_address>
         <run_address>0x4bc</run_address>
         <size>0x35</size>
         <input_file_ref idref="fl-26"/>
      </object_component>
      <object_component id="oc-12e">
         <name>.debug_abbrev</name>
         <load_address>0x4f1</load_address>
         <run_address>0x4f1</run_address>
         <size>0x54</size>
         <input_file_ref idref="fl-23"/>
      </object_component>
      <object_component id="oc-130">
         <name>.debug_abbrev</name>
         <load_address>0x545</load_address>
         <run_address>0x545</run_address>
         <size>0x4e</size>
         <input_file_ref idref="fl-25"/>
      </object_component>
      <object_component id="oc-132">
         <name>.debug_abbrev</name>
         <load_address>0x593</load_address>
         <run_address>0x593</run_address>
         <size>0x89</size>
         <input_file_ref idref="fl-24"/>
      </object_component>
      <object_component id="oc-133">
         <name>.debug_abbrev</name>
         <load_address>0x61c</load_address>
         <run_address>0x61c</run_address>
         <size>0x4e</size>
         <input_file_ref idref="fl-24"/>
      </object_component>
      <object_component id="oc-135">
         <name>.debug_abbrev</name>
         <load_address>0x66a</load_address>
         <run_address>0x66a</run_address>
         <size>0x94</size>
         <input_file_ref idref="fl-3d"/>
      </object_component>
      <object_component id="oc-138">
         <name>.debug_abbrev</name>
         <load_address>0x6fe</load_address>
         <run_address>0x6fe</run_address>
         <size>0x24</size>
         <input_file_ref idref="fl-3d"/>
      </object_component>
      <object_component id="oc-141">
         <name>.debug_abbrev</name>
         <load_address>0x722</load_address>
         <run_address>0x722</run_address>
         <size>0x7a</size>
         <input_file_ref idref="fl-2"/>
      </object_component>
      <object_component id="oc-142">
         <name>.debug_abbrev</name>
         <load_address>0x79c</load_address>
         <run_address>0x79c</run_address>
         <size>0x104</size>
         <input_file_ref idref="fl-2"/>
      </object_component>
      <object_component id="oc-153">
         <name>.debug_abbrev</name>
         <load_address>0x8a0</load_address>
         <run_address>0x8a0</run_address>
         <size>0x84</size>
         <input_file_ref idref="fl-39"/>
      </object_component>
      <object_component id="oc-155">
         <name>.debug_abbrev</name>
         <load_address>0x924</load_address>
         <run_address>0x924</run_address>
         <size>0x6c</size>
         <input_file_ref idref="fl-2"/>
      </object_component>
      <object_component id="oc-15b">
         <name>.debug_abbrev</name>
         <load_address>0x990</load_address>
         <run_address>0x990</run_address>
         <size>0x7d</size>
         <input_file_ref idref="fl-39"/>
      </object_component>
      <object_component id="oc-15c">
         <name>.debug_abbrev</name>
         <load_address>0xa0d</load_address>
         <run_address>0xa0d</run_address>
         <size>0x6f</size>
         <input_file_ref idref="fl-39"/>
      </object_component>
      <object_component id="oc-16c">
         <name>.debug_abbrev</name>
         <load_address>0xa7c</load_address>
         <run_address>0xa7c</run_address>
         <size>0x8e</size>
         <input_file_ref idref="fl-3b"/>
      </object_component>
      <object_component id="oc-16f">
         <name>.debug_abbrev</name>
         <load_address>0xb0a</load_address>
         <run_address>0xb0a</run_address>
         <size>0x24</size>
         <input_file_ref idref="fl-2"/>
      </object_component>
      <object_component id="oc-174">
         <name>.debug_abbrev</name>
         <load_address>0xb2e</load_address>
         <run_address>0xb2e</run_address>
         <size>0x49</size>
         <input_file_ref idref="fl-3b"/>
      </object_component>
      <object_component id="oc-178">
         <name>.debug_abbrev</name>
         <load_address>0xb77</load_address>
         <run_address>0xb77</run_address>
         <size>0x87</size>
         <input_file_ref idref="fl-39"/>
      </object_component>
      <object_component id="oc-17b">
         <name>.debug_abbrev</name>
         <load_address>0xbfe</load_address>
         <run_address>0xbfe</run_address>
         <size>0x24</size>
         <input_file_ref idref="fl-39"/>
      </object_component>
      <object_component id="oc-17f">
         <name>.debug_abbrev</name>
         <load_address>0xc22</load_address>
         <run_address>0xc22</run_address>
         <size>0x71</size>
         <input_file_ref idref="fl-40"/>
      </object_component>
      <object_component id="oc-182">
         <name>.debug_abbrev</name>
         <load_address>0xc93</load_address>
         <run_address>0xc93</run_address>
         <size>0x24</size>
         <input_file_ref idref="fl-40"/>
      </object_component>
      <object_component id="oc-186">
         <name>.debug_abbrev</name>
         <load_address>0xcb7</load_address>
         <run_address>0xcb7</run_address>
         <size>0x71</size>
         <input_file_ref idref="fl-43"/>
      </object_component>
      <object_component id="oc-198">
         <name>.debug_abbrev</name>
         <load_address>0xd28</load_address>
         <run_address>0xd28</run_address>
         <size>0x7d</size>
         <input_file_ref idref="fl-3b"/>
      </object_component>
      <object_component id="oc-199">
         <name>.debug_abbrev</name>
         <load_address>0xda5</load_address>
         <run_address>0xda5</run_address>
         <size>0x8a</size>
         <input_file_ref idref="fl-3b"/>
      </object_component>
      <object_component id="oc-19a">
         <name>.debug_abbrev</name>
         <load_address>0xe2f</load_address>
         <run_address>0xe2f</run_address>
         <size>0x9b</size>
         <input_file_ref idref="fl-3b"/>
      </object_component>
      <object_component id="oc-19d">
         <name>.debug_abbrev</name>
         <load_address>0xeca</load_address>
         <run_address>0xeca</run_address>
         <size>0x24</size>
         <input_file_ref idref="fl-3b"/>
      </object_component>
      <object_component id="oc-1a1">
         <name>.debug_abbrev</name>
         <load_address>0xeee</load_address>
         <run_address>0xeee</run_address>
         <size>0x3e</size>
         <input_file_ref idref="fl-40"/>
      </object_component>
      <object_component id="oc-1a3">
         <name>.debug_abbrev</name>
         <load_address>0xf2c</load_address>
         <run_address>0xf2c</run_address>
         <size>0x35</size>
         <input_file_ref idref="fl-43"/>
      </object_component>
      <object_component id="oc-1a5">
         <name>.debug_abbrev</name>
         <load_address>0xf61</load_address>
         <run_address>0xf61</run_address>
         <size>0x71</size>
         <input_file_ref idref="fl-41"/>
      </object_component>
      <object_component id="oc-1b1">
         <name>.debug_abbrev</name>
         <load_address>0xfd2</load_address>
         <run_address>0xfd2</run_address>
         <size>0x7d</size>
         <input_file_ref idref="fl-3b"/>
      </object_component>
      <object_component id="oc-1b2">
         <name>.debug_abbrev</name>
         <load_address>0x104f</load_address>
         <run_address>0x104f</run_address>
         <size>0x71</size>
         <input_file_ref idref="fl-3f"/>
      </object_component>
      <object_component id="oc-1b4">
         <name>.debug_abbrev</name>
         <load_address>0x10c0</load_address>
         <run_address>0x10c0</run_address>
         <size>0x35</size>
         <input_file_ref idref="fl-41"/>
      </object_component>
      <object_component id="oc-1b6">
         <name>.debug_abbrev</name>
         <load_address>0x10f5</load_address>
         <run_address>0x10f5</run_address>
         <size>0x6f</size>
         <input_file_ref idref="fl-3b"/>
      </object_component>
      <object_component id="oc-1c0">
         <name>.debug_abbrev</name>
         <load_address>0x1164</load_address>
         <run_address>0x1164</run_address>
         <size>0x7d</size>
         <input_file_ref idref="fl-3b"/>
      </object_component>
      <object_component id="oc-1c1">
         <name>.debug_abbrev</name>
         <load_address>0x11e1</load_address>
         <run_address>0x11e1</run_address>
         <size>0x37</size>
         <input_file_ref idref="fl-3f"/>
      </object_component>
      <object_component id="oc-1c7">
         <name>.debug_abbrev</name>
         <load_address>0x1218</load_address>
         <run_address>0x1218</run_address>
         <size>0x80</size>
         <input_file_ref idref="fl-3b"/>
      </object_component>
      <object_component id="oc-1c8">
         <name>.debug_abbrev</name>
         <load_address>0x1298</load_address>
         <run_address>0x1298</run_address>
         <size>0x3b</size>
         <input_file_ref idref="fl-42"/>
      </object_component>
      <object_component id="oc-1c9">
         <name>.debug_abbrev</name>
         <load_address>0x12d3</load_address>
         <run_address>0x12d3</run_address>
         <size>0x3b</size>
         <input_file_ref idref="fl-3e"/>
      </object_component>
      <object_component id="oc-235">
         <name>.debug_abbrev</name>
         <load_address>0x130e</load_address>
         <run_address>0x130e</run_address>
         <size>0xf</size>
      </object_component>
      <object_component id="oc-b6">
         <name>.debug_str</name>
[...]
         <value>0x198</value>
      </symbol>
      <symbol id="sm-211">
         <name>SYSBERRIV_L</name>
         <value>0x198</value>
      </symbol>
      <symbol id="sm-212">
         <name>SYSBERRIV_H</name>
         <value>0x199</value>
      </symbol>
      <symbol id="sm-213">
         <name>SYSUNIV</name>
         <value>0x19a</value>
      </symbol>
      <symbol id="sm-214">
         <name>SYSUNIV_L</name>
         <value>0x19a</value>
      </symbol>
      <symbol id="sm-215">
         <name>SYSUNIV_H</name>
         <value>0x19b</value>
      </symbol>
      <symbol id="sm-216">
         <name>SYSSNIV</name>
         <value>0x19c</value>
      </symbol>
      <symbol id="sm-217">
         <name>SYSSNIV_L</name>
         <value>0x19c</value>
      </symbol>
      <symbol id="sm-218">
         <name>SYSSNIV_H</name>
         <value>0x19d</value>
      </symbol>
      <symbol id="sm-219">
         <name>SYSRSTIV</name>
         <value>0x19e</value>
      </symbol>
      <symbol id="sm-21a">
         <name>SYSRSTIV_L</name>
         <value>0x19e</value>
      </symbol>
      <symbol id="sm-21b">
         <name>SYSRSTIV_H</name>
         <value>0x19f</value>
      </symbol>
      <symbol id="sm-21c">
         <name>TA0CTL</name>
         <value>0x340</value>
      </symbol>
      <symbol id="sm-21d">
         <name>TA0CCTL0</name>
         <value>0x342</value>
      </symbol>
      <symbol id="sm-21e">
         <name>TA0CCTL1</name>
         <value>0x344</value>
      </symbol>
      <symbol id="sm-21f">
         <name>TA0CCTL2</name>
         <value>0x346</value>
      </symbol>
      <symbol id="sm-220">
         <name>TA0CCTL3</name>
         <value>0x348</value>
      </symbol>
      <symbol id="sm-221">
         <name>TA0CCTL4</name>
         <value>0x34a</value>
      </symbol>
      <symbol id="sm-222">
         <name>TA0R</name>
         <value>0x350</value>
      </symbol>
      <symbol id="sm-223">
         <name>TA0CCR0</name>
         <value>0x352</value>
      </symbol>
      <symbol id="sm-224">
         <name>TA0CCR1</name>
         <value>0x354</value>
      </symbol>
      <symbol id="sm-225">
         <name>TA0CCR2</name>
         <value>0x356</value>
      </symbol>
      <symbol id="sm-226">
         <name>TA0CCR3</name>
         <value>0x358</value>
      </symbol>
      <symbol id="sm-227">
         <name>TA0CCR4</name>
         <value>0x35a</value>
      </symbol>
      <symbol id="sm-228">
         <name>TA0IV</name>
         <value>0x36e</value>
      </symbol>
      <symbol id="sm-229">
         <name>TA0EX0</name>
         <value>0x360</value>
      </symbol>
      <symbol id="sm-22a">
         <name>TA1CTL</name>
         <value>0x380</value>
      </symbol>
      <symbol id="sm-22b">
         <name>TA1CCTL0</name>
         <value>0x382</value>
      </symbol>
      <symbol id="sm-22c">
         <name>TA1CCTL1</name>
         <value>0x384</value>
      </symbol>
      <symbol id="sm-22d">
         <name>TA1CCTL2</name>
         <value>0x386</value>
      </symbol>
      <symbol id="sm-22e">
         <name>TA1R</name>
         <value>0x390</value>
      </symbol>
      <symbol id="sm-22f">
         <name>TA1CCR0</name>
         <value>0x392</value>
      </symbol>
      <symbol id="sm-230">
         <name>TA1CCR1</name>
         <value>0x394</value>
      </symbol>
      <symbol id="sm-231">
         <name>TA1CCR2</name>
         <value>0x396</value>
      </symbol>
      <symbol id="sm-232">
         <name>TA1IV</name>
         <value>0x3ae</value>
      </symbol>
      <symbol id="sm-233">
         <name>TA1EX0</name>
         <value>0x3a0</value>
      </symbol>
      <symbol id="sm-234">
         <name>UCSCTL0</name>
         <value>0x160</value>
      </symbol>
      <symbol id="sm-235">
         <name>UCSCTL0_L</name>
         <value>0x160</value>
      </symbol>
      <symbol id="sm-236">
         <name>UCSCTL0_H</name>
         <value>0x161</value>
      </symbol>
      <symbol id="sm-237">
         <name>UCSCTL1</name>
         <value>0x162</value>
      </symbol>
      <symbol id="sm-238">
         <name>UCSCTL1_L</name>
         <value>0x162</value>
      </symbol>
      <symbol id="sm-239">
         <name>UCSCTL1_H</name>
         <value>0x163</value>
      </symbol>
      <symbol id="sm-23a">
         <name>UCSCTL2</name>
         <value>0x164</value>
      </symbol>
      <symbol id="sm-23b">
         <name>UCSCTL2_L</name>
         <value>0x164</value>
      </symbol>
      <symbol id="sm-23c">
         <name>UCSCTL2_H</name>
         <value>0x165</value>
      </symbol>
      <symbol id="sm-23d">
         <name>UCSCTL3</name>
         <value>0x166</value>
      </symbol>
      <symbol id="sm-23e">
         <name>UCSCTL3_L</name>
         <value>0x166</value>
      </symbol>
      <symbol id="sm-23f">
         <name>UCSCTL3_H</name>
         <value>0x167</value>
      </symbol>
      <symbol id="sm-240">
         <name>UCSCTL4</name>
         <value>0x168</value>
      </symbol>
      <symbol id="sm-241">
         <name>UCSCTL4_L</name>
         <value>0x168</value>
      </symbol>
      <symbol id="sm-242">
         <name>UCSCTL4_H</name>
         <value>0x169</value>
      </symbol>
      <symbol id="sm-243">
         <name>UCSCTL5</name>
         <value>0x16a</value>
      </symbol>
      <symbol id="sm-244">
         <name>UCSCTL5_L</name>
         <value>0x16a</value>
      </symbol>
      <symbol id="sm-245">
         <name>UCSCTL5_H</name>
         <value>0x16b</value>
      </symbol>
      <symbol id="sm-246">
         <name>UCSCTL6</name>
         <value>0x16c</value>
      </symbol>
      <symbol id="sm-247">
         <name>UCSCTL6_L</name>
         <value>0x16c</value>
      </symbol>
      <symbol id="sm-248">
         <name>UCSCTL6_H</name>
         <value>0x16d</value>
      </symbol>
      <symbol id="sm-249">
         <name>UCSCTL7</name>
         <value>0x16e</value>
      </symbol>
      <symbol id="sm-24a">
         <name>UCSCTL7_L</name>
         <value>0x16e</value>
      </symbol>
      <symbol id="sm-24b">
         <name>UCSCTL7_H</name>
         <value>0x16f</value>
      </symbol>
      <symbol id="sm-24c">
         <name>UCSCTL8</name>
         <value>0x170</value>
      </symbol>
      <symbol id="sm-24d">
         <name>UCSCTL8_L</name>
         <value>0x170</value>
      </symbol>
      <symbol id="sm-24e">
         <name>UCSCTL8_H</name>
         <value>0x171</value>
      </symbol>
      <symbol id="sm-24f">
         <name>UCA0CTLW0</name>
         <value>0x5c0</value>
      </symbol>
      <symbol id="sm-250">
         <name>UCA0CTLW0_L</name>
         <value>0x5c0</value>
      </symbol>
      <symbol id="sm-251">
         <name>UCA0CTLW0_H</name>
         <value>0x5c1</value>
      </symbol>
      <symbol id="sm-252">
         <name>UCA0BRW</name>
         <value>0x5c6</value>
      </symbol>
      <symbol id="sm-253">
         <name>UCA0BRW_L</name>
         <value>0x5c6</value>
      </symbol>
      <symbol id="sm-254">
         <name>UCA0BRW_H</name>
         <value>0x5c7</value>
      </symbol>
      <symbol id="sm-255">
         <name>UCA0MCTL</name>
         <value>0x5c8</value>
      </symbol>
      <symbol id="sm-256">
         <name>UCA0STAT</name>
         <value>0x5ca</value>
      </symbol>
      <symbol id="sm-257">
         <name>UCA0RXBUF</name>
         <value>0x5cc</value>
      </symbol>
      <symbol id="sm-258">
         <name>UCA0TXBUF</name>
         <value>0x5ce</value>
      </symbol>
      <symbol id="sm-259">
         <name>UCA0ABCTL</name>
         <value>0x5d0</value>
      </symbol>
      <symbol id="sm-25a">
         <name>UCA0IRCTL</name>
         <value>0x5d2</value>
      </symbol>
      <symbol id="sm-25b">
         <name>UCA0IRCTL_L</name>
         <value>0x5d2</value>
      </symbol>
      <symbol id="sm-25c">
         <name>UCA0IRCTL_H</name>
         <value>0x5d3</value>
      </symbol>
      <symbol id="sm-25d">
         <name>UCA0ICTL</name>
         <value>0x5dc</value>
      </symbol>
      <symbol id="sm-25e">
         <name>UCA0ICTL_L</name>
         <value>0x5dc</value>
      </symbol>
      <symbol id="sm-25f">
         <name>UCA0ICTL_H</name>
         <value>0x5dd</value>
      </symbol>
      <symbol id="sm-260">
         <name>UCA0IV</name>
         <value>0x5de</value>
      </symbol>
      <symbol id="sm-261">
         <name>UCB0CTLW0</name>
         <value>0x5e0</value>
      </symbol>
      <symbol id="sm-262">
         <name>UCB0CTLW0_L</name>
         <value>0x5e0</value>
      </symbol>
      <symbol id="sm-263">
         <name>UCB0CTLW0_H</name>
         <value>0x5e1</value>
      </symbol>
      <symbol id="sm-264">
         <name>UCB0BRW</name>
         <value>0x5e6</value>
      </symbol>
      <symbol id="sm-265">
         <name>UCB0BRW_L</name>
         <value>0x5e6</value>
      </symbol>
      <symbol id="sm-266">
         <name>UCB0BRW_H</name>
         <value>0x5e7</value>
      </symbol>
      <symbol id="sm-267">
         <name>UCB0STAT</name>
         <value>0x5ea</value>
      </symbol>
      <symbol id="sm-268">
         <name>UCB0RXBUF</name>
         <value>0x5ec</value>
      </symbol>
      <symbol id="sm-269">
         <name>UCB0TXBUF</name>
         <value>0x5ee</value>
      </symbol>
      <symbol id="sm-26a">
         <name>UCB0I2COA</name>
         <value>0x5f0</value>
      </symbol>
      <symbol id="sm-26b">
         <name>UCB0I2COA_L</name>
         <value>0x5f0</value>
      </symbol>
      <symbol id="sm-26c">
         <name>UCB0I2COA_H</name>
         <value>0x5f1</value>
      </symbol>
      <symbol id="sm-26d">
         <name>UCB0I2CSA</name>
         <value>0x5f2</value>
      </symbol>
      <symbol id="sm-26e">
         <name>UCB0I2CSA_L</name>
         <value>0x5f2</value>
      </symbol>
      <symbol id="sm-26f">
         <name>UCB0I2CSA_H</name>
         <value>0x5f3</value>
      </symbol>
      <symbol id="sm-270">
         <name>UCB0ICTL</name>
         <value>0x5fc</value>
      </symbol>
      <symbol id="sm-271">
         <name>UCB0ICTL_L</name>
         <value>0x5fc</value>
      </symbol>
      <symbol id="sm-272">
         <name>UCB0ICTL_H</name>
         <value>0x5fd</value>
      </symbol>
      <symbol id="sm-273">
         <name>UCB0IV</name>
         <value>0x5fe</value>
      </symbol>
      <symbol id="sm-274">
         <name>WDTCTL</name>
         <value>0x15c</value>
      </symbol>
      <symbol id="sm-275">
         <name>WDTCTL_L</name>
         <value>0x15c</value>
      </symbol>
      <symbol id="sm-276">
         <name>WDTCTL_H</name>
         <value>0x15d</value>
      </symbol>
      <symbol id="sm-277">
         <name>__TI_CINIT_Base</name>
         <value>0x894c</value>
      </symbol>
      <symbol id="sm-278">
         <name>__TI_CINIT_Limit</name>
         <value>0x895c</value>
      </symbol>
      <symbol id="sm-279">
         <name>__TI_Handler_Table_Base</name>
         <value>0x8932</value>
      </symbol>
      <symbol id="sm-27a">
         <name>__TI_Handler_Table_Limit</name>
         <value>0x893e</value>
      </symbol>
      <symbol id="sm-27b">
         <name>binit</name>
         <value>0xffffffff</value>
      </symbol>
      <symbol id="sm-27c">
         <name>__binit__</name>
         <value>0xffffffff</value>
      </symbol>
      <symbol id="sm-27d">
         <name>__STACK_SIZE</name>
         <value>0x50</value>
      </symbol>
      <symbol id="sm-27e">
         <name>__STACK_END</name>
         <value>0x2bfc</value>
      </symbol>
      <symbol id="sm-27f">
         <name>__c_args__</name>
         <value>0xffffffff</value>
      </symbol>
      <symbol id="sm-325">
         <name>A0results</name>
         <value>0x1c0c</value>
      </symbol>
      <symbol id="sm-326">
         <name>A1results</name>
         <value>0x1c14</value>
      </symbol>
      <symbol id="sm-327">
         <name>A2results</name>
         <value>0x1c1c</value>
      </symbol>
      <symbol id="sm-328">
         <name>A3results</name>
         <value>0x1c24</value>
      </symbol>
      <symbol id="sm-329">
         <name>A4results</name>
         <value>0x1c2c</value>
      </symbol>
      <symbol id="sm-32a">
         <name>A5results</name>
         <value>0x1c34</value>
      </symbol>
      <symbol id="sm-32b">
         <name>results</name>
         <value>0x1c00</value>
      </symbol>
      <symbol id="sm-32c">
         <name>transmit_flag</name>
         <value>0x1c3c</value>
      </symbol>
      <symbol id="sm-32d">
         <name>controls</name>
         <value>0x1c3e</value>
      </symbol>
      <symbol id="sm-32e">
         <name>uart_puts</name>
         <value>0x8896</value>
         <object_component_ref idref="oc-d8"/>
      </symbol>
      <symbol id="sm-32f">
         <name>uart_putc</name>
         <value>0x88c4</value>
         <object_component_ref idref="oc-13c"/>
      </symbol>
      <symbol id="sm-330">
         <name>__TI_int58</name>
         <value>0xfff4</value>
         <object_component_ref idref="oc-74"/>
      </symbol>
      <symbol id="sm-331">
         <name>__TI_int56</name>
         <value>0xfff0</value>
         <object_component_ref idref="oc-72"/>
      </symbol>
      <symbol id="sm-332">
         <name>USCI_A0_ISR</name>
         <value>0x87aa</value>
         <object_component_ref idref="oc-a9"/>
      </symbol>
      <symbol id="sm-333">
         <name>main</name>
         <value>0x8000</value>
         <object_component_ref idref="oc-99"/>
      </symbol>
      <symbol id="sm-334">
         <name>ADC12ISR</name>
         <value>0x8544</value>
         <object_component_ref idref="oc-a4"/>
      </symbol>
      <symbol id="sm-342">
         <name>_c_int00_noexit</name>
         <value>0x8800</value>
         <object_component_ref idref="oc-67"/>
      </symbol>
      <symbol id="sm-343">
         <name>_c_int00</name>
         <value>0x8800</value>
         <object_component_ref idref="oc-67"/>
      </symbol>
      <symbol id="sm-344">
         <name>_stack</name>
         <value>0x2bac</value>
         <object_component_ref idref="oc-88"/>
      </symbol>
      <symbol id="sm-345">
         <name>_reset_vector</name>
         <value>0xfffe</value>
         <object_component_ref idref="oc-8a"/>
      </symbol>
      <symbol id="sm-355">
         <name>__TI_decompress_none</name>
         <value>0x8708</value>
         <object_component_ref idref="oc-79"/>
      </symbol>
      <symbol id="sm-377">
         <name>__TI_decompress_rle24</name>
         <value>0x88a8</value>
         <object_component_ref idref="oc-83"/>
      </symbol>
      <symbol id="sm-389">
         <name>__TI_zero_init</name>
         <value>0x86ca</value>
         <object_component_ref idref="oc-7e"/>
      </symbol>
      <symbol id="sm-393">
         <name>__memcpy_far</name>
         <value>0x864a</value>
         <object_component_ref idref="oc-ae"/>
      </symbol>
      <symbol id="sm-39c">
         <name>C$$EXIT</name>
         <value>0x88da</value>
         <object_component_ref idref="oc-9e"/>
      </symbol>
      <symbol id="sm-39d">
         <name>abort</name>
         <value>0x88da</value>
         <object_component_ref idref="oc-9e"/>
      </symbol>
      <symbol id="sm-3a0">
         <name>__TI_int45</name>
         <value>0xffda</value>
         <object_component_ref idref="oc-63"/>
      </symbol>
      <symbol id="sm-3a3">
         <name>__TI_int46</name>
         <value>0xffdc</value>
         <object_component_ref idref="oc-64"/>
      </symbol>
      <symbol id="sm-3a6">
         <name>__TI_int48</name>
         <value>0xffe0</value>
         <object_component_ref idref="oc-65"/>
      </symbol>
      <symbol id="sm-3a9">
         <name>__TI_int49</name>
         <value>0xffe2</value>
         <object_component_ref idref="oc-66"/>
      </symbol>
      <symbol id="sm-3ac">
         <name>__TI_int50</name>
         <value>0xffe4</value>
         <object_component_ref idref="oc-6c"/>
      </symbol>
      <symbol id="sm-3af">
         <name>__TI_int51</name>
         <value>0xffe6</value>
         <object_component_ref idref="oc-6d"/>
      </symbol>
      <symbol id="sm-3b2">
         <name>__TI_int52</name>
         <value>0xffe8</value>
         <object_component_ref idref="oc-6e"/>
      </symbol>
      <symbol id="sm-3b5">
         <name>__TI_int53</name>
         <value>0xffea</value>
         <object_component_ref idref="oc-6f"/>
      </symbol>
      <symbol id="sm-3b8">
         <name>__TI_int54</name>
         <value>0xffec</value>
         <object_component_ref idref="oc-70"/>
      </symbol>
      <symbol id="sm-3bb">
         <name>__TI_int55</name>
         <value>0xffee</value>
         <object_component_ref idref="oc-71"/>
      </symbol>
      <symbol id="sm-3be">
         <name>__TI_int57</name>
         <value>0xfff2</value>
         <object_component_ref idref="oc-73"/>
      </symbol>
      <symbol id="sm-3c1">
         <name>__TI_int59</name>
         <value>0xfff6</value>
         <object_component_ref idref="oc-75"/>
      </symbol>
      <symbol id="sm-3c4">
         <name>__TI_int60</name>
         <value>0xfff8</value>
         <object_component_ref idref="oc-76"/>
      </symbol>
      <symbol id="sm-3c7">
         <name>__TI_int61</name>
         <value>0xfffa</value>
         <object_component_ref idref="oc-77"/>
      </symbol>
      <symbol id="sm-3ca">
         <name>__TI_int62</name>
         <value>0xfffc</value>
         <object_component_ref idref="oc-78"/>
      </symbol>
      <symbol id="sm-3d1">
         <name>__TI_ISR_TRAP</name>
         <value>0x88d0</value>
         <object_component_ref idref="oc-8b"/>
      </symbol>
      <symbol id="sm-3d9">
         <name>_system_pre_init</name>
         <value>0x88d6</value>
         <object_component_ref idref="oc-8f"/>
      </symbol>
      <symbol id="sm-3f7">
         <name>sprintf</name>
         <value>0x8744</value>
         <object_component_ref idref="oc-11b"/>
      </symbol>
      <symbol id="sm-458">
         <name>__TI_printfi_minimal</name>
         <value>0x8414</value>
         <object_component_ref idref="oc-14e"/>
      </symbol>
      <symbol id="sm-46e">
         <name>_auto_init</name>
         <value>0x84d4</value>
         <object_component_ref idref="oc-94"/>
      </symbol>
      <symbol id="sm-477">
         <name>__mspabi_remu</name>
         <value>0x8832</value>
         <object_component_ref idref="oc-1c3"/>
      </symbol>
      <symbol id="sm-478">
         <name>__mspabi_divu</name>
         <value>0x8832</value>
         <object_component_ref idref="oc-1c3"/>
      </symbol>
      <symbol id="sm-486">
         <name>memccpy</name>
         <value>0x87ca</value>
         <object_component_ref idref="oc-193"/>
      </symbol>
      <symbol id="sm-498">
         <name>memcpy</name>
         <value>0x8884</value>
         <object_component_ref idref="oc-156"/>
      </symbol>
      <symbol id="sm-4a5">
         <name>memset</name>
         <value>0x885e</value>
         <object_component_ref idref="oc-188"/>
      </symbol>
      <symbol id="sm-4ac">
         <name>__mspabi_mpyi_f5hw</name>
         <value>0x8848</value>
         <object_component_ref idref="oc-1bc"/>
      </symbol>
      <symbol id="sm-4b8">
         <name>strlen</name>
         <value>0x88b6</value>
         <object_component_ref idref="oc-15d"/>
      </symbol>
      <symbol id="sm-4b9">
         <name>__TI_exit</name>
         <value>0x1</value>
      </symbol>
      <symbol id="sm-4ba">
         <name>__TI_args_main</name>
         <value>0x1</value>
      </symbol>
      <symbol id="sm-4bb">
         <name>__TI_INITARRAY_Base</name>
         <value>0x0</value>
      </symbol>
      <symbol id="sm-4bc">
         <name>__TI_INITARRAY_Limit</name>
         <value>0x0</value>
      </symbol>
   </symbol_table>
   <title>Link successful</title>
</link_info>
